// Jest Snapshot v1, https://goo.gl/fbAQLP

exports[`Account component should render and match the snapshot 1`] = `
<div
  className="sc-bcXHqe eEQRJM"
>
  <div
    className="account"
    id="1234"
  >
    <div
      className="total"
      id="total-1234"
    >
      Total 
      GBP
    </div>
    <h3
      aria-labelledby="total-1234"
    >
      <strong>
        27800.1
      </strong>
    </h3>
  </div>
  <div
    className="account"
    id="5678"
  >
    <div
      className="total"
      id="total-5678"
    >
      Total 
      EUR
    </div>
    <h3
      aria-labelledby="total-5678"
    >
      <strong>
        2000.5
      </strong>
    </h3>
  </div>
</div>
`;
