// Jest Snapshot v1, https://goo.gl/fbAQLP

exports[`Account item component should render and match the snapshot 1`] = `
<div
  className="account"
  id="1234"
>
  <div
    className="total"
    id="total-1234"
  >
    Total 
    EUR
  </div>
  <h3
    aria-labelledby="total-1234"
  >
    <strong>
      2000.5
    </strong>
  </h3>
</div>
`;
