// Jest Snapshot v1, https://goo.gl/fbAQLP

exports[`Account component should render and match the snapshot 1`] = `
<nav>
  <Tab
    isActive={true}
    onClick={[MockFunction]}
    value="foo"
  >
    Foo
  </Tab>
  <Tab
    isActive={false}
    onClick={[MockFunction]}
    value="bar"
  >
    Bar
  </Tab>
</nav>
`;
